


ARM Macro Assembler    Page 1 


    1 00000000                 AREA             RESET, DATA, READONLY
    2 00000000                 EXPORT           __Vectors
    3 00000000         
    4 00000000         __Vectors
    5 00000000 100000FF        DCD              0x100000FF  ; stack pointer val
                                                            ue when stack is em
                                                            pty
    6 00000004 00000000        DCD              Reset_Handler ; reset vector
    7 00000008         
    8 00000008                 ALIGN
    9 00000008         
   10 00000008                 AREA             mycode, CODE, READONLY
   11 00000000                 EXPORT           Reset_Handler
   12 00000000                 ENTRY
   13 00000000         Reset_Handler
   14 00000000 480B            LDR              R0, =SRC
   15 00000002 6801            LDR              R1, [R0]
   16 00000004 F04F 0408       MOV              R4, #8
   17 00000008 F04F 0500       MOV              R5, #0
   18 0000000C F04F 030A       MOV              R3, #10
   19 00000010         
   20 00000010         LOOP
   21 00000010 FBB1 F6F3       UDIV             R6, R1, R3
   22 00000014 FB06 1713       MLS              R7, R6, R3, R1
   23 00000018 443D            ADD              R5, R7
   24 0000001A EA4F 1535       ROR              R5, #4
   25 0000001E 4631            MOV              R1, R6
   26 00000020 3C01            SUBS             R4, #1
   27 00000022 D1F5            BNE              LOOP
   28 00000024         
   29 00000024 4903            LDR              R1, =DST
   30 00000026 600D            STR              R5, [R1]
   31 00000028         
   32 00000028         STOP
   33 00000028 E7FE            B                STOP
   34 0000002A 00 00 001A2B3C 
                       SRC     DCD              0X1A2B3C
   35 00000030 00000000 
              00000000         AREA             mydata, DATA, READWRITE
   36 00000000 00000000 
                       DST     DCD              0
   37 00000004                 END
Command Line: --debug --xref --cpu=Cortex-M3 --apcs=interwork --depend=h2b.d -o
h2b.o -ID:\Softwares\Keil4\ARM\RV31\INC -ID:\Softwares\Keil4\ARM\CMSIS\Include 
-ID:\Softwares\Keil4\ARM\Inc\NXP\LPC17xx --predefine="__EVAL SETA 1" --list=.\h
2b.lst "Practice Codes\h2b.s"



ARM Macro Assembler    Page 1 Alphabetic symbol ordering
Relocatable symbols

RESET 00000000

Symbol: RESET
   Definitions
      At line 1 in file Practice
   Uses
      None
Comment: RESET unused
__Vectors 00000000

Symbol: __Vectors
   Definitions
      At line 4 in file Practice
   Uses
      At line 2 in file Practice
Comment: __Vectors used once
2 symbols



ARM Macro Assembler    Page 1 Alphabetic symbol ordering
Relocatable symbols

LOOP 00000010

Symbol: LOOP
   Definitions
      At line 20 in file Practice
   Uses
      At line 27 in file Practice
Comment: LOOP used once
Reset_Handler 00000000

Symbol: Reset_Handler
   Definitions
      At line 13 in file Practice
   Uses
      At line 6 in file Practice
      At line 11 in file Practice

SRC 0000002C

Symbol: SRC
   Definitions
      At line 34 in file Practice
   Uses
      At line 14 in file Practice
Comment: SRC used once
STOP 00000028

Symbol: STOP
   Definitions
      At line 32 in file Practice
   Uses
      At line 33 in file Practice
Comment: STOP used once
mycode 00000000

Symbol: mycode
   Definitions
      At line 10 in file Practice
   Uses
      None
Comment: mycode unused
5 symbols



ARM Macro Assembler    Page 1 Alphabetic symbol ordering
Relocatable symbols

DST 00000000

Symbol: DST
   Definitions
      At line 36 in file Practice
   Uses
      At line 29 in file Practice
Comment: DST used once
mydata 00000000

Symbol: mydata
   Definitions
      At line 35 in file Practice
   Uses
      None
Comment: mydata unused
2 symbols
342 symbols in table
