Component: Arm Compiler for Embedded 6.21 Tool: armlink [5ec1fa00]

==============================================================================

Section Cross References

    bubble.o(RESET) refers to bubble.o(mycode) for Reset_Handler
    bubble.o(mycode) refers to bubble.o(datamemory) for DST


==============================================================================

Image Symbol Table

    Local Symbols

    Symbol Name                              Value     Ov Type        Size  Object(Section)

    Practice Codes/bubble.s                  0x00000000   Number         0  bubble.o ABSOLUTE
    RESET                                    0x00000000   Section        8  bubble.o(RESET)
    mycode                                   0x00000008   Section      104  bubble.o(mycode)
    SRC                                      0x00000054   Data          16  bubble.o(mycode)
    DST                                      0x10000000   Data           4  bubble.o(datamemory)
    datamemory                               0x10000000   Section        4  bubble.o(datamemory)

    Global Symbols

    Symbol Name                              Value     Ov Type        Size  Object(Section)

    BuildAttributes$$THM_ISAv4$P$D$K$B$S$A:L22UL41UL21$X:L11$S22US41US21$IEEE1$~IW$USESV6$~STKCKD$USESV7$~SHL$OSPACE$EBA8$STANDARDLIB$PRES8$EABIv2 0x00000000   Number         0  anon$$obj.o ABSOLUTE
    __Vectors                                0x00000000   Data           0  bubble.o(RESET)
    Reset_Handler                            0x00000009   Thumb Code     0  bubble.o(mycode)



==============================================================================

Memory Map of the image

  Image Entry point : 0x00000009

  Load Region LR_1 (Base: 0x00000000, Size: 0x00000074, Max: 0xffffffff, ABSOLUTE)

    Execution Region ER_RO (Exec base: 0x00000000, Load base: 0x00000000, Size: 0x00000070, Max: 0xffffffff, ABSOLUTE)

    Exec Addr    Load Addr    Size         Type   Attr      Idx    E Section Name        Object

    0x00000000   0x00000000   0x00000008   Data   RO            1    RESET               bubble.o
    0x00000008   0x00000008   0x00000068   Code   RO            2  * mycode              bubble.o


    Execution Region ER_RW (Exec base: 0x10000000, Load base: 0x00000070, Size: 0x00000004, Max: 0xffffffff, ABSOLUTE)

    Exec Addr    Load Addr    Size         Type   Attr      Idx    E Section Name        Object

    0x10000000   0x00000070   0x00000004   Code   RW            3    datamemory          bubble.o


    Execution Region ER_ZI (Exec base: 0x10000004, Load base: 0x00000074, Size: 0x00000000, Max: 0xffffffff, ABSOLUTE)

    **** No section assigned to this execution region ****


==============================================================================

Image component sizes


      Code (inc. data)   RO Data    RW Data    ZI Data      Debug   Object Name

       108         32          8          0          0        436   bubble.o

    ----------------------------------------------------------------------
       108         32          8          0          0        436   Object Totals
         0          0          0          0          0          0   (incl. Generated)
         0          0          0          0          0          0   (incl. Padding)

    ----------------------------------------------------------------------
         0          0          0          0          0          0   Library Totals
         0          0          0          0          0          0   (incl. Padding)

    ----------------------------------------------------------------------

==============================================================================


      Code (inc. data)   RO Data    RW Data    ZI Data      Debug   

       108         32          8          0          0        436   Grand Totals
       108         32          8          0          0        436   ELF Image Totals
       108         32          8          0          0          0   ROM Totals

==============================================================================

    Total RO  Size (Code + RO Data)                  116 (   0.11kB)
    Total RW  Size (RW Data + ZI Data)                 0 (   0.00kB)
    Total ROM Size (Code + RO Data + RW Data)        116 (   0.11kB)

==============================================================================

