Component: Arm Compiler for Embedded 6.21 Tool: armlink [5ec1fa00]

==============================================================================

Section Cross References

    2.o(RESET) refers to 2.o(mycode) for Reset_Handler
    2.o(mycode) refers to 2.o(mydata) for BCD_RESULT


==============================================================================

Image Symbol Table

    Local Symbols

    Symbol Name                              Value     Ov Type        Size  Object(Section)

    ES LAB/L3/2.s                            0x00000000   Number         0  2.o ABSOLUTE
    RESET                                    0x00000000   Section        8  2.o(RESET)
    mycode                                   0x00000008   Section       88  2.o(mycode)
    BCD_NUM1                                 0x0000004c   Data           4  2.o(mycode)
    BCD_NUM2                                 0x00000050   Data           4  2.o(mycode)
    BCD_RESULT                               0x10000000   Data           4  2.o(mydata)
    mydata                                   0x10000000   Section        4  2.o(mydata)

    Global Symbols

    Symbol Name                              Value     Ov Type        Size  Object(Section)

    BuildAttributes$$THM_ISAv4$P$D$K$B$S$A:L22UL41UL21$X:L11$S22US41US21$IEEE1$~IW$USESV6$~STKCKD$USESV7$~SHL$OSPACE$EBA8$STANDARDLIB$PRES8$EABIv2 0x00000000   Number         0  anon$$obj.o ABSOLUTE
    __Vectors                                0x00000000   Data           0  2.o(RESET)
    Reset_Handler                            0x00000009   Thumb Code     0  2.o(mycode)



==============================================================================

Memory Map of the image

  Image Entry point : 0x00000009

  Load Region LR_1 (Base: 0x00000000, Size: 0x00000064, Max: 0xffffffff, ABSOLUTE)

    Execution Region ER_RO (Exec base: 0x00000000, Load base: 0x00000000, Size: 0x00000060, Max: 0xffffffff, ABSOLUTE)

    Exec Addr    Load Addr    Size         Type   Attr      Idx    E Section Name        Object

    0x00000000   0x00000000   0x00000008   Data   RO            1    RESET               2.o
    0x00000008   0x00000008   0x00000058   Code   RO            2  * mycode              2.o


    Execution Region ER_RW (Exec base: 0x10000000, Load base: 0x00000060, Size: 0x00000004, Max: 0xffffffff, ABSOLUTE)

    Exec Addr    Load Addr    Size         Type   Attr      Idx    E Section Name        Object

    0x10000000   0x00000060   0x00000004   Data   RW            3    mydata              2.o


    Execution Region ER_ZI (Exec base: 0x10000004, Load base: 0x00000064, Size: 0x00000000, Max: 0xffffffff, ABSOLUTE)

    **** No section assigned to this execution region ****


==============================================================================

Image component sizes


      Code (inc. data)   RO Data    RW Data    ZI Data      Debug   Object Name

        88         22          8          4          0        240   2.o

    ----------------------------------------------------------------------
        88         22          8          4          0        240   Object Totals
         0          0          0          0          0          0   (incl. Generated)
         0          0          0          0          0          0   (incl. Padding)

    ----------------------------------------------------------------------
         0          0          0          0          0          0   Library Totals
         0          0          0          0          0          0   (incl. Padding)

    ----------------------------------------------------------------------

==============================================================================


      Code (inc. data)   RO Data    RW Data    ZI Data      Debug   

        88         22          8          4          0        240   Grand Totals
        88         22          8          4          0        240   ELF Image Totals
        88         22          8          4          0          0   ROM Totals

==============================================================================

    Total RO  Size (Code + RO Data)                   96 (   0.09kB)
    Total RW  Size (RW Data + ZI Data)                 4 (   0.00kB)
    Total ROM Size (Code + RO Data + RW Data)        100 (   0.10kB)

==============================================================================

